// Jest Snapshot v1, https://goo.gl/fbAQLP

exports[`<Navbar /> tests renders the <Navbar/> component 1`] = `
<nav
  class="navigation__Nav-sc-ek9154-0 dJhSmU"
  data-testid="navigation"
>
  <div
    class="navigation__NavHeader-sc-ek9154-1 goitye"
  >
    <a
      href="/"
    >
      <img
        alt="Movie Chooser"
        class="navigation__Logo-sc-ek9154-2 hoUEre"
        src="../../logo.png"
      />
    </a>
    <button
      class="navigation__Button-sc-ek9154-4 hDaTNq"
      data-testid="toggle-btn"
    >
      <div
        class="navigation__Icon-sc-ek9154-3 jFRpQT"
      >
        <svg
          fill="currentColor"
          height="1em"
          stroke="currentColor"
          stroke-width="0"
          viewBox="0 0 448 512"
          width="1em"
          xmlns="http://www.w3.org/2000/svg"
        >
          <path
            d="M16 132h416c8.837 0 16-7.163 16-16V76c0-8.837-7.163-16-16-16H16C7.163 60 0 67.163 0 76v40c0 8.837 7.163 16 16 16zm0 160h416c8.837 0 16-7.163 16-16v-40c0-8.837-7.163-16-16-16H16c-8.837 0-16 7.163-16 16v40c0 8.837 7.163 16 16 16zm0 160h416c8.837 0 16-7.163 16-16v-40c0-8.837-7.163-16-16-16H16c-8.837 0-16 7.163-16 16v40c0 8.837 7.163 16 16 16z"
          />
        </svg>
      </div>
      <div
        class="navigation__Icon-sc-ek9154-3 htpHbu"
      >
        <svg
          fill="currentColor"
          height="1em"
          stroke="currentColor"
          stroke-width="0"
          viewBox="0 0 352 512"
          width="1em"
          xmlns="http://www.w3.org/2000/svg"
        >
          <path
            d="M242.72 256l100.07-100.07c12.28-12.28 12.28-32.19 0-44.48l-22.24-22.24c-12.28-12.28-32.19-12.28-44.48 0L176 189.28 75.93 89.21c-12.28-12.28-32.19-12.28-44.48 0L9.21 111.45c-12.28 12.28-12.28 32.19 0 44.48L109.28 256 9.21 356.07c-12.28 12.28-12.28 32.19 0 44.48l22.24 22.24c12.28 12.28 32.2 12.28 44.48 0L176 322.72l100.07 100.07c12.28 12.28 32.2 12.28 44.48 0l22.24-22.24c12.28-12.28 12.28-32.19 0-44.48L242.72 256z"
          />
        </svg>
      </div>
    </button>
  </div>
  <div
    class="navigation__LinksContainer-sc-ek9154-5 dESrcg"
    style="height: 0px;"
  >
    <ul
      class="navigation__LinksList-sc-ek9154-6 bXxVNT"
    >
      <li>
        <a
          class="navigation__NavBarLink-sc-ek9154-7 krXmJL"
          href="/"
        >
          Browse All
        </a>
      </li>
    </ul>
  </div>
</nav>
`;
